15 actionable tasks: 15 executed
